[www.google-analytics.com/analytics.js]
[backblue.gif]
[fade.gif]
[index.html]
[clapat.ro/themes/grenada/favicon.ico]
[clapat.ro/themes/grenada/images/logo.png]
[clapat.ro/themes/grenada/images/logo-white.png]
[clapat.ro/themes/grenada/js/jquery.min.js]
[clapat.ro/themes/grenada/js/plugins.js]
[clapat.ro/themes/grenada/js/scripts.js]
[clapat.ro/themes/grenada/index.html]
[clapat.ro/themes/grenada/images/rotate.png]
[clapat.ro/themes/grenada/style.css]
[clapat.ro/themes/grenada/fonts/fontawesome-webfont78ce.eot]
[clapat.ro/themes/grenada/fonts/fontawesome-webfontd41d.eot]
[clapat.ro/themes/grenada/fonts/fontawesome-webfont78ce.woff]
[clapat.ro/themes/grenada/fonts/fontawesome-webfont78ce.ttf]
[clapat.ro/themes/grenada/css/font-awesome.min.css]
[clapat.ro/themes/grenada/index-centered.html]
[clapat.ro/themes/grenada/index-full.html]
[clapat.ro/themes/grenada/index-fullmenu.html]
[clapat.ro/themes/grenada/images/client-01.png]
[clapat.ro/themes/grenada/images/client-02.png]
[clapat.ro/themes/grenada/images/client-03.png]
[clapat.ro/themes/grenada/images/client-04.png]
[clapat.ro/themes/grenada/images/client-05.png]
[clapat.ro/themes/grenada/images/client-06.png]
[clapat.ro/themes/grenada/images/client-07.png]
[clapat.ro/themes/grenada/images/client-08.png]
[clapat.ro/themes/grenada/about.html]
[clapat.ro/themes/grenada/contact.html]
[clapat.ro/themes/grenada/images/01hero.jpg]
[clapat.ro/themes/grenada/images/projects/ss01.jpg]
[clapat.ro/themes/grenada/images/projects/ss02.jpg]
[clapat.ro/themes/grenada/images/projects/ss03.jpg]
[clapat.ro/themes/grenada/images/projects/ss04.jpg]
[clapat.ro/themes/grenada/images/projects/ss05.jpg]
[clapat.ro/themes/grenada/images/projects/ss06.jpg]
[clapat.ro/themes/grenada/images/02hero.jpg]
[clapat.ro/themes/grenada/project01.html]
[clapat.ro/themes/grenada/images/projects/nr01.jpg]
[clapat.ro/themes/grenada/images/projects/nr02.jpg]
[clapat.ro/themes/grenada/images/projects/nr03.jpg]
[clapat.ro/themes/grenada/images/projects/nr04.jpg]
[clapat.ro/themes/grenada/images/projects/nr05.jpg]
[clapat.ro/themes/grenada/images/03hero.jpg]
[clapat.ro/themes/grenada/project02.html]
[clapat.ro/themes/grenada/images/projects/hate.jpg]
[clapat.ro/themes/grenada/images/04hero.jpg]
[clapat.ro/themes/grenada/project03.html]
[clapat.ro/themes/grenada/images/projects/bw01.jpg]
[clapat.ro/themes/grenada/images/projects/bw02.jpg]
[clapat.ro/themes/grenada/images/projects/bw03.jpg]
[clapat.ro/themes/grenada/images/projects/bw04.jpg]
[clapat.ro/themes/grenada/images/projects/bw05.jpg]
[clapat.ro/themes/grenada/images/05hero.jpg]
[clapat.ro/themes/grenada/project04.html]
[clapat.ro/themes/grenada/images/projects/ko02.jpg]
[clapat.ro/themes/grenada/images/projects/ko03.jpg]
[clapat.ro/themes/grenada/images/projects/ko04.jpg]
[clapat.ro/themes/grenada/images/projects/ko05.jpg]
[clapat.ro/themes/grenada/images/projects/ko01.jpg]
[clapat.ro/themes/grenada/images/06hero.jpg]
[clapat.ro/themes/grenada/project05.html]
[clapat.ro/themes/grenada/images/projects/bb01.jpg]
[clapat.ro/themes/grenada/images/projects/bb02.jpg]
[clapat.ro/themes/grenada/images/projects/bb05.jpg]
[clapat.ro/themes/grenada/images/projects/bb06.jpg]
[clapat.ro/themes/grenada/images/projects/bb07.jpg]
[clapat.ro/themes/grenada/images/projects/bb08.jpg]
[clapat.ro/themes/grenada/images/projects/bb09.jpg]
[clapat.ro/themes/grenada/images/projects/bb10.jpg]
[clapat.ro/themes/grenada/images/projects/bb11.jpg]
[clapat.ro/themes/grenada/images/projects/bb12.jpg]
[clapat.ro/themes/grenada/images/projects/bb13.jpg]
[clapat.ro/themes/grenada/images/07hero.jpg]
[clapat.ro/themes/grenada/project06.html]
[clapat.ro/themes/grenada/images/projects/mb01.jpg]
[clapat.ro/themes/grenada/images/projects/mb05.jpg]
[clapat.ro/themes/grenada/images/projects/mb06.jpg]
[clapat.ro/themes/grenada/project07.html]
[clapat.ro/themes/grenada/css/landing.css]
[clapat.ro/themes/grenada/css/portfolio.css]
[clapat.ro/themes/grenada/css/shortcodes.css]
[clapat.ro/themes/grenada/css/assets.css]
[clapat.ro/themes/grenada/fonts/fontawesome-webfont78ce.svg]
[clapat.ro/themes/grenada/images/projects/ko01.jpg]
[clapat.ro/themes/grenada/images/06hero.jpg]
[clapat.ro/themes/grenada/images/projects/bb02.jpg]
[clapat.ro/themes/grenada/images/projects/bb03.jpg]
[clapat.ro/themes/grenada/images/projects/bb04.jpg]
[clapat.ro/themes/grenada/images/07hero.jpg]
[clapat.ro/themes/grenada/images/projects/mb01.jpg]
[clapat.ro/themes/grenada/images/projects/mb02.jpg]
[clapat.ro/themes/grenada/images/projects/mb03.jpg]
[clapat.ro/themes/grenada/images/projects/mb04.jpg]
[clapat.ro/themes/grenada/css/owl.video.play.html]
